2.764: [GC2.764: [DefNew: 139776K->17472K(157248K), 0.3653212 secs] 139776K->126919K(506816K), 0.3657005 secs] [Times: user=0.26 sys=0.09, real=0.37 secs] 
5.840: [GC5.840: [DefNew: 157248K->17472K(157248K), 0.4941413 secs] 266695K->260409K(506816K), 0.4943866 secs] [Times: user=0.34 sys=0.13, real=0.49 secs] 
9.242: [GC9.242: [DefNew: 157248K->157248K(157248K), 0.0000842 secs]9.243: [Tenured: 242937K->349567K(349568K), 0.7661925 secs] 400185K->399225K(506816K), [Perm : 167K->167K(12288K)], 0.7666534 secs] [Times: user=0.67 sys=0.05, real=0.77 secs] 
12.187: [Full GC12.188: [Tenured: 349567K->47698K(349568K), 0.2183498 secs] 506815K->47698K(506816K), [Perm : 167K->167K(12288K)], 0.2190864 secs] [Times: user=0.20 sys=0.00, real=0.22 secs] 
15.234: [GC15.234: [DefNew: 139776K->17472K(157248K), 0.2532969 secs] 187474K->187069K(506816K), 0.2534852 secs] [Times: user=0.25 sys=0.00, real=0.25 secs] 
18.264: [GC18.264: [DefNew: 157248K->17471K(157248K), 0.2958403 secs] 326845K->326578K(506816K), 0.2959840 secs] [Times: user=0.30 sys=0.00, real=0.30 secs] 
21.492: [GC21.492: [DefNew: 157247K->157247K(157248K), 0.0000524 secs]21.492: [Tenured: 309106K->11779K(349568K), 0.1263928 secs] 466354K->11779K(506816K), [Perm : 167K->167K(12288K)], 0.1266181 secs] [Times: user=0.13 sys=0.00, real=0.13 secs] 
24.378: [GC24.378: [DefNew: 139776K->17471K(157248K), 0.2485640 secs] 151555K->151437K(506816K), 0.2487267 secs] [Times: user=0.25 sys=0.00, real=0.25 secs] 
27.422: [GC27.422: [DefNew: 157247K->17471K(157248K), 0.2855523 secs] 291213K->291134K(506816K), 0.2857104 secs] [Times: user=0.28 sys=0.00, real=0.29 secs] 
30.496: [GC30.496: [DefNew: 157247K->157247K(157248K), 0.0000575 secs]30.496: [Tenured: 273662K->349567K(349568K), 0.6472673 secs] 430910K->430858K(506816K), [Perm : 167K->167K(12288K)], 0.6475424 secs] [Times: user=0.64 sys=0.00, real=0.65 secs] 
32.681: [Full GC32.681: [Tenured: 349567K->52381K(349568K), 0.2182703 secs] 506815K->52381K(506816K), [Perm : 167K->167K(12288K)], 0.2184622 secs] [Times: user=0.19 sys=0.00, real=0.22 secs] 
35.675: [GC35.675: [DefNew: 139776K->17471K(157248K), 0.2814621 secs] 192157K->192135K(506816K), 0.2816294 secs] [Times: user=0.28 sys=0.00, real=0.28 secs] 
38.702: [GC38.702: [DefNew: 157247K->17471K(157248K), 0.3417739 secs] 331911K->331896K(506816K), 0.3419156 secs] [Times: user=0.33 sys=0.00, real=0.34 secs] 
41.881: [GC41.881: [DefNew: 157247K->157247K(157248K), 0.0000524 secs]41.881: [Tenured: 314424K->17263K(349568K), 0.1595475 secs] 471672K->17263K(506816K), [Perm : 167K->167K(12288K)], 0.1597954 secs] [Times: user=0.14 sys=0.00, real=0.16 secs] 
44.556: [GC44.556: [DefNew: 139776K->17471K(157248K), 0.2589634 secs] 157039K->145092K(506816K), 0.2594961 secs] [Times: user=0.25 sys=0.00, real=0.26 secs] 
47.551: [GC47.551: [DefNew: 157247K->17471K(157248K), 0.3141102 secs] 284868K->284858K(506816K), 0.3142708 secs] [Times: user=0.28 sys=0.00, real=0.32 secs] 
50.682: [GC50.683: [DefNew: 157247K->157247K(157248K), 0.0000631 secs]50.683: [Tenured: 267386K->349567K(349568K), 0.6501154 secs] 424634K->424624K(506816K), [Perm : 167K->167K(12288K)], 0.6507996 secs] [Times: user=0.62 sys=0.00, real=0.65 secs] 
53.214: [Full GC53.214: [Tenured: 349567K->52408K(349568K), 0.2174034 secs] 506815K->52408K(506816K), [Perm : 167K->167K(12288K)], 0.2176287 secs] [Times: user=0.22 sys=0.00, real=0.22 secs] 
55.956: [GC55.957: [DefNew: 139776K->17472K(157248K), 0.2244896 secs] 192184K->179260K(506816K), 0.2246502 secs] [Times: user=0.22 sys=0.00, real=0.22 secs] 
57.990: [GC57.990: [DefNew: 157248K->17472K(157248K), 0.2008848 secs] 319036K->257083K(506816K), 0.2010465 secs] [Times: user=0.20 sys=0.00, real=0.20 secs] 
60.751: [GC60.751: [DefNew: 157248K->157248K(157248K), 0.0000980 secs]60.751: [Tenured: 239611K->349567K(349568K), 0.6319836 secs] 396859K->382831K(506816K), [Perm : 167K->167K(12288K)], 0.6322803 secs] [Times: user=0.56 sys=0.00, real=0.63 secs] 
